============================================================
Real-data experiment (CB805): cb805_ablation_round6_S00_time_smooth_0ms
alignment = center
result_dir = _experiment_results/ablation/round6_time_smooth/S00_time_smooth_0ms
============================================================
  [Ricker prior] use fixed center Ricker before DTW
  [Ricker prior] f_dom = 28.32 Hz
  [Ricker prior] wavelet_length_pts = 129
  [Ricker prior] CC = 0.103651
[Initial prior] source = center_ricker_for_DTW
[Initial prior] CC = 0.103651
  [DTW-iter] phased candidate DTW begins
  [DTW-envelope] window = 18 samples
  [DTW-envelope] alpha candidates = [0.0, 0.01, 0.05, 0.1, 0.15]
  [DTW-envelope] best alpha/sign = 0.150 / -1
  [DTW-envelope] shift range = -2.39 ~ 2.54 ms
  [DTW-envelope] CC before/after = 0.1037 / 0.1191
  [DTW-envelope] Env before/after = -0.0358 / -0.0530
  [DTW-envelope] maxlag after = 0.1234, lag = -2.0 ms
  [DTW-envelope] TWT max change = 2.54 ms
  [DTW-envelope] accept = True
  [DTW-envelope] window = 18 samples
  [DTW-envelope] alpha candidates = [0.0, 0.01, 0.05, 0.1, 0.15]
  [DTW-envelope] best alpha/sign = 0.150 / -1
  [DTW-envelope] shift range = -2.40 ~ 2.54 ms
  [DTW-envelope] CC before/after = 0.1191 / 0.1277
  [DTW-envelope] Env before/after = -0.0530 / -0.0688
  [DTW-envelope] maxlag after = 0.1277, lag = 0.0 ms
  [DTW-envelope] TWT max change = 2.54 ms
  [DTW-envelope] accept = True
  [DTW-iter] phase envelope: accepted 2/2
  [DTW-waveform] window = 16 samples
  [DTW-waveform] alpha candidates = [0.0, 0.01, 0.03, 0.06, 0.1]
  [DTW-waveform] best alpha/sign = 0.100 / +1
  [DTW-waveform] shift range = -1.30 ~ 0.77 ms
  [DTW-waveform] CC before/after = 0.1277 / 0.1385
  [DTW-waveform] Env before/after = -0.0688 / -0.0667
  [DTW-waveform] maxlag after = 0.1385, lag = 0.0 ms
  [DTW-waveform] TWT max change = 0.93 ms
  [DTW-waveform] accept = True
  [DTW-waveform] window = 16 samples
  [DTW-waveform] alpha candidates = [0.0, 0.01, 0.03, 0.06, 0.1]
  [DTW-waveform] best alpha/sign = 0.100 / +1
  [DTW-waveform] shift range = -1.30 ~ 0.71 ms
  [DTW-waveform] CC before/after = 0.1385 / 0.1485
  [DTW-waveform] Env before/after = -0.0667 / -0.0649
  [DTW-waveform] maxlag after = 0.1487, lag = -1.0 ms
  [DTW-waveform] TWT max change = 0.86 ms
  [DTW-waveform] accept = True
  [DTW-iter] phase waveform: accepted 2/2
  [DTW-iter] keep fixed initial wavelet before fine DTW
  [DTW-fine] window = 9 samples
  [DTW-fine] alpha candidates = [0.0, 0.01, 0.02, 0.04, 0.06]
  [DTW-fine] best alpha/sign = 0.060 / +1
  [DTW-fine] shift range = -0.48 ~ 0.30 ms
  [DTW-fine] CC before/after = 0.1485 / 0.1554
  [DTW-fine] Env before/after = -0.0649 / -0.0648
  [DTW-fine] maxlag after = 0.1555, lag = -1.0 ms
  [DTW-fine] TWT max change = 0.30 ms
  [DTW-fine] accept = True
  [DTW-iter] phase fine: accepted 1/1
  [Constant-phase prior] statistical amplitude spectrum + constant phase search
  [Constant-phase prior] spectral peak = 28.00 Hz
  [Constant-phase prior] auto band = 5.00 - 62.00 Hz
  [Constant-phase prior] phase = -3.0 deg, peak = +0.0 ms
  [Constant-phase prior] CC = 0.157126, Ricker CC = 0.155403
[DTW] CC = 0.155403
[After-DTW prior] source = statistical_constant_phase_prior_after_DTW
[After-DTW prior] CC = 0.157126

--- Step 2: 固定 r_work_final，反演时变子波 ---
========== Robust time-varying wavelet inversion ==========
  N_time                = 2546
  dt                    = 0.001000 s
  wavelet_length        = 129
  data_window_length    = 387
  estimate_step_samples = 20
  estimate_step_ms      = 20.00 ms
  mu1                   = 0.0
  mu2                   = 3.0
  mu_dc                 = 0.0
  mu_prior              = 1.0
  mu_time               = 8.0
  mu_edge               = 1.0
  edge_fraction         = 0.12
  edge_taper            = cosine
  energy_threshold      = 1.162267e-02
  damping_ratio         = 0.0
  svd_cutoff_ratio      = 0.001
  min_effective_rank    = 16
  max_peak_shift        = 15 samples
  time_smooth_sigma     = 0.00 samples
  wavelet_smooth_sigma  = 0.00 samples
  has_wavelet_prior     = True
  loss_type             = student_t
  student_nu            = 10.0
  irls_max_iter         = 12
  irls_tol              = 0.0003
  robust_scale_floor    = 1.953573e-02
  robust_weight_floor   = 0.001
  min_effective_ratio   = 0.3
  outlier_weight_thresh = 0.5
  store_weight_map      = True
  attempted windows      = 108
  valid inverted centers = 70 / 108
  skipped low energy     = 21
  skipped ill-cond       = 0
  skipped NaN/Inf        = 0
  skipped peak shift     = 17
  skipped amp jump       = 0
  robust attempted       = 87
  irls_step_converged    = 87
  robust solution used   = 87
  post_qc_valid (robust) = 70
  robust fallback to L2  = 0
  median robust sigma    = 3.164459e-01
  median weight mean     = 0.9166
  median effective ratio = 0.9880
  median qc_dc_ratio     = 1.519e-17
  median centroid_freq   = 30.06 Hz
============================================================
  wavelet_alignment     = center

--- Step 3: W_est 直接合成与质量验收 ---
  use_negative_W      = False
  CC_stationary       = 0.1571
  CC_after_DTW        = 0.1554
  CC_tv_direct        = 0.4467
  CC gain vs DTW      = +0.2913
  CC gain vs stat     = +0.2896
  Maxlag CC           = 0.4470, lag=-1.0 ms
  Envelope CC         = 0.0480, gain vs stat=+0.1011
  Peak metric p10/med/p90 = -13.00 / -1.00 / 0.00 ms
  wavelet_alignment   = center
  valid_ratio         = 0.6481481481481481
  numerical_pass      = True
  physical_pass       = True
  W_est pass gate     = True
[Pre-acceptance hybrid] enabled = True
[Pre-acceptance hybrid] short gap limit = 40.0 ms
[Pre-acceptance hybrid] strict reliable sample ratio = 0.017
[Pre-acceptance hybrid] valid direct centers = 70
[Pre-acceptance hybrid] strict reliable centers = 43 (0.614)
[Pre-acceptance hybrid] gray admissible centers = 22 (0.314)
[Pre-acceptance hybrid] total admissible centers = 65 (0.929)
[Pre-acceptance hybrid] rejected direct centers = 5 (0.071)
[Pre-acceptance hybrid] TV support sample ratio = 0.504
[Pre-acceptance hybrid] short gap ratio = 0.478
[Pre-acceptance hybrid] hard prior ratio = 0.496
[Pre-acceptance hybrid] blend ratio = 0.094
[Pre-acceptance hybrid] raw CC = 0.446699
[Pre-acceptance hybrid] hybrid CC = 0.362084
[Pre-acceptance hybrid] raw pass = True
[Pre-acceptance hybrid] hybrid pass = True
[Pre-acceptance hybrid] reasons = []
[Local fallback] enabled = True
[Local fallback] hard_ratio      = 0.496
[Local fallback] effective_ratio = 0.506
[Candidate QC] reliable_ratio  = 0.017
[Candidate QC] shape_bad_ratio = 0.322
[Local fallback] shape_ratio     = 0.322
[Pre-acceptance hybrid] decisive acceptance pass = True; reasons = []
>>> NEW plot_pure_ricker_vs_obs_vs_tv_wiggle <<<
[Selected-time QC] fig10
  target=0.835s selected=0.835s idx=255 raw_idx=255 direct_inverted=0 strict_reliable=0 admissible_direct=0 gray_zone=0 rejected_direct=0 hybrid_support=0 hybrid_fallback_requested=1 final_shape_reliable=1 fallback=1 hybrid_alpha=0.000 final_alpha=0.000 peak_metric_ms=0.000 wavelet_energy_norm=0.450 side_lobe_ratio=0.438 edge_energy_ratio=0.000
  target=1.513s selected=1.513s idx=933 raw_idx=933 direct_inverted=1 strict_reliable=1 admissible_direct=1 gray_zone=0 rejected_direct=0 hybrid_support=1 hybrid_fallback_requested=0 final_shape_reliable=1 fallback=0 hybrid_alpha=1.000 final_alpha=1.000 peak_metric_ms=-2.000 wavelet_energy_norm=0.735 side_lobe_ratio=0.709 edge_energy_ratio=0.093
  target=2.192s selected=2.192s idx=1612 raw_idx=1612 direct_inverted=0 strict_reliable=0 admissible_direct=0 gray_zone=0 rejected_direct=0 hybrid_support=1 hybrid_fallback_requested=0 final_shape_reliable=1 fallback=0 hybrid_alpha=1.000 final_alpha=1.000 peak_metric_ms=0.000 wavelet_energy_norm=0.805 side_lobe_ratio=0.640 edge_energy_ratio=0.049
  target=2.870s selected=2.870s idx=2290 raw_idx=2290 direct_inverted=0 strict_reliable=0 admissible_direct=0 gray_zone=0 rejected_direct=0 hybrid_support=0 hybrid_fallback_requested=1 final_shape_reliable=1 fallback=1 hybrid_alpha=0.000 final_alpha=0.000 peak_metric_ms=0.000 wavelet_energy_norm=0.450 side_lobe_ratio=0.438 edge_energy_ratio=0.000
[Selected-time QC] fig11
  target=0.835s selected=0.835s idx=255 raw_idx=255 direct_inverted=0 strict_reliable=0 admissible_direct=0 gray_zone=0 rejected_direct=0 hybrid_support=0 hybrid_fallback_requested=1 final_shape_reliable=1 fallback=1 hybrid_alpha=0.000 final_alpha=0.000 peak_metric_ms=0.000 wavelet_energy_norm=0.450 side_lobe_ratio=0.438 edge_energy_ratio=0.000
  target=1.089s selected=1.089s idx=509 raw_idx=509 direct_inverted=0 strict_reliable=0 admissible_direct=0 gray_zone=0 rejected_direct=0 hybrid_support=0 hybrid_fallback_requested=1 final_shape_reliable=1 fallback=1 hybrid_alpha=0.000 final_alpha=0.000 peak_metric_ms=0.000 wavelet_energy_norm=0.450 side_lobe_ratio=0.438 edge_energy_ratio=0.000
  target=1.343s selected=1.429s idx=849 raw_idx=763 direct_inverted=0 strict_reliable=0 admissible_direct=0 gray_zone=0 rejected_direct=0 hybrid_support=1 hybrid_fallback_requested=0 final_shape_reliable=1 fallback=0 hybrid_alpha=1.000 final_alpha=1.000 peak_metric_ms=-2.000 wavelet_energy_norm=0.882 side_lobe_ratio=0.749 edge_energy_ratio=0.122
  target=1.598s selected=1.598s idx=1018 raw_idx=1018 direct_inverted=0 strict_reliable=0 admissible_direct=0 gray_zone=0 rejected_direct=0 hybrid_support=1 hybrid_fallback_requested=0 final_shape_reliable=1 fallback=0 hybrid_alpha=1.000 final_alpha=1.000 peak_metric_ms=-2.000 wavelet_energy_norm=0.680 side_lobe_ratio=0.673 edge_energy_ratio=0.086
  target=1.852s selected=1.852s idx=1272 raw_idx=1272 direct_inverted=0 strict_reliable=0 admissible_direct=0 gray_zone=0 rejected_direct=0 hybrid_support=0 hybrid_fallback_requested=1 final_shape_reliable=1 fallback=1 hybrid_alpha=0.000 final_alpha=0.000 peak_metric_ms=0.000 wavelet_energy_norm=0.450 side_lobe_ratio=0.438 edge_energy_ratio=0.000
  target=2.107s selected=2.107s idx=1527 raw_idx=1527 direct_inverted=0 strict_reliable=0 admissible_direct=0 gray_zone=0 rejected_direct=0 hybrid_support=1 hybrid_fallback_requested=0 final_shape_reliable=1 fallback=0 hybrid_alpha=0.833 final_alpha=0.833 peak_metric_ms=-1.000 wavelet_energy_norm=0.650 side_lobe_ratio=0.624 edge_energy_ratio=0.051
  target=2.361s selected=2.361s idx=1781 raw_idx=1781 direct_inverted=0 strict_reliable=0 admissible_direct=0 gray_zone=0 rejected_direct=0 hybrid_support=1 hybrid_fallback_requested=0 final_shape_reliable=1 fallback=0 hybrid_alpha=1.000 final_alpha=1.000 peak_metric_ms=0.000 wavelet_energy_norm=0.839 side_lobe_ratio=0.531 edge_energy_ratio=0.028
  target=2.616s selected=2.616s idx=2036 raw_idx=2036 direct_inverted=0 strict_reliable=0 admissible_direct=0 gray_zone=0 rejected_direct=0 hybrid_support=1 hybrid_fallback_requested=0 final_shape_reliable=1 fallback=0 hybrid_alpha=1.000 final_alpha=1.000 peak_metric_ms=0.000 wavelet_energy_norm=0.861 side_lobe_ratio=0.734 edge_energy_ratio=0.014
  target=2.870s selected=2.870s idx=2290 raw_idx=2290 direct_inverted=0 strict_reliable=0 admissible_direct=0 gray_zone=0 rejected_direct=0 hybrid_support=0 hybrid_fallback_requested=1 final_shape_reliable=1 fallback=1 hybrid_alpha=0.000 final_alpha=0.000 peak_metric_ms=0.000 wavelet_energy_norm=0.450 side_lobe_ratio=0.438 edge_energy_ratio=0.000

[Final]
  CC_initial_ricker_before_DTW: 0.1036507646943142
  CC_stationary: 0.1571262285067304
  CC_after_DTW: 0.15540264622905386
  CC_prior_after_DTW: 0.1571262285067304
  CC_tv_direct: 0.36208419789179086
  W_pass: True
  q_pass: False
  CC_Q: None
  Q_global: None
  CC_final: 0.36208419789179086
  final_model_type: W_est_best_no_Q
  best_lag_ms: 0.0
  peak_metric_p10: -2.0000000000000018
  peak_metric_med: 0.0
  peak_metric_p90: 0.0
  peak_abs_p90: 2.0000000000000018
  valid_ratio: 0.6481481481481481
  use_negative_W: False
  acceptance_reasons: []
  q_reason: q_disabled
  raw_tv_peak_metric_p10: -13.00000000000001
  raw_tv_peak_metric_med: -1.0000000000000009
  raw_tv_peak_metric_p90: 0.0
  hybrid_direct_reliable_ratio_scope: strict_reliable_samples_over_all_time_samples
  hybrid_valid_direct_count: 70
  hybrid_strict_reliable_direct_count: 43
  hybrid_admissible_direct_count: 65
  hybrid_gray_zone_direct_count: 22
  hybrid_rejected_direct_count: 5
  hybrid_strict_reliable_center_ratio: 0.6142857142857143
  hybrid_admissible_direct_center_ratio: 0.9285714285714286
  hybrid_gray_zone_center_ratio: 0.3142857142857143
  hybrid_rejected_direct_center_ratio: 0.07142857142857142
  hybrid_strict_reliable_sample_ratio: 0.016889238020424194
  hybrid_admissible_direct_sample_ratio: 0.025530243519245877
  hybrid_gray_zone_sample_ratio: 0.00864100549882168
  hybrid_rejected_direct_sample_ratio: 0.0019638648860958365
  raw_tv_W_pass: True
  raw_tv_CC_direct: 0.4466987689620211
  raw_tv_best_lag_ms: -1.0000000000000009
  raw_tv_peak_abs_p90: 13.00000000000001
  raw_tv_acceptance_reasons: []
  hybrid_tv_W_pass: True
  hybrid_tv_acceptance_reasons: []
  hybrid_tv_CC_direct: 0.36208419789179086
  hybrid_tv_env_cc: 0.044995933200768154
  hybrid_tv_best_lag_ms: 0.0
  hybrid_tv_peak_p10_ms: -2.0000000000000018
  hybrid_tv_peak_median_ms: 0.0
  hybrid_tv_peak_p90_ms: 0.0
  hybrid_tv_peak_abs_p90_ms: 2.0000000000000018
  hybrid_tv_peak_violation_ratio: 0.0
  hybrid_short_gap_limit_ms: 40.000000000000036
  hybrid_direct_reliable_ratio: 0.016889238020424194
  hybrid_short_gap_ratio: 0.47800471327572663
  hybrid_hard_prior_ratio: 0.4964650432050275
  hybrid_blend_ratio: 0.09426551453260015
  hybrid_tv_support_ratio: 0.5035349567949725
  hybrid_candidate_scope: local_repair_before_global_acceptance
  residual_median_p90: 0.046321958342289686
  residual_median_med: -0.0007347339287944029
  tv_loss_type: student_t
  tv_student_nu: 10.0
  tv_robust_fallback: l2
  tv_irls_max_iter: 12
  tv_irls_tol: 0.0003
  edge_penalty_enabled: True
  mu_edge_configured: 1.0
  mu_edge_effective: 1.0
  edge_penalty_fraction: 0.12
  edge_penalty_taper: cosine
  student_objective_includes_edge: True
  stationary_candidate_accepted: False
  stationary_candidate_peak_ms: nan
  stationary_rejection_code: not_attempted_constant_phase_policy
  stationary_rejection_reason: after-DTW prior 使用 statistical constant-phase policy，未运行 free-form stationary LS candidate。
  stationary_prior_source: statistical_constant_phase_prior_after_DTW
  prior_source: statistical_constant_phase_prior_after_DTW
  CC_selected_prior_after_DTW: 0.1571262285067304
  stationary_prior_method_configured: constant_phase
  constant_phase_candidate_accepted: True
  constant_phase_deg: -3.0
  constant_phase_spectral_peak_hz: 27.999999999999975
  constant_phase_band_low_hz: 4.999999999999996
  constant_phase_band_high_hz: 61.99999999999994
  constant_phase_candidate_cc: 0.1571262285067304
  constant_phase_ricker_cc: 0.15540264622905386
  constant_phase_rejection_reason: 
  CC_stationary_raw: nan
  CC_stationary_raw_env: nan
  CC_stationary_raw_scope: unlocked_candidate_before_ricker_fallback
  CC_prior_after_DTW_scope: selected_prior_after_DTW
  candidate_valid_ratio: 0.6481481481481481
  candidate_best_lag_ms: -1.0000000000000009
  candidate_peak_metric_p10: -13.00000000000001
  candidate_peak_metric_med: -1.0000000000000009
  candidate_peak_metric_p90: 0.0
  candidate_peak_abs_p90: 13.00000000000001
  local_fallback_enabled: True
  local_fallback_ratio: 0.5058609493499494
  local_fallback_hard_ratio: 0.4964650432050275
  local_fallback_effective_ratio: 0.5058609493499494
  fallback_by_shape_ratio: 0.32246661429693635
  candidate_shape_fallback_request_ratio: 0.32246661429693635
  candidate_shape_fallback_raw_ratio: 0.32246661429693635
  candidate_reliable_ratio: 0.016889238020424194
  candidate_reliable_scope: direct_inversion_and_peak_energy_shape_qc
  final_reliable_ratio: 0.8377847604084839
  final_reliable_scope: shape_peak_energy_only; does_not_mean_direct_inversion
  side_lobe_p90: 1.0602418958127147
  edge_energy_p90: 0.215550207173303
  candidate_side_lobe_p50: 0.7505457232440857
  candidate_side_lobe_p90: 1.0602418958127147
  candidate_side_lobe_max: 1.0602418958127147
  candidate_edge_energy_p50: 0.11878501011384406
  candidate_edge_energy_p90: 0.215550207173303
  candidate_edge_energy_max: 0.215550207173303
  final_side_lobe_p50: 0.5199242081774209
  final_side_lobe_p90: 0.8227921720724408
  final_side_lobe_max: 0.8743011549789351
  final_edge_energy_p50: 0.00732570042034722
  final_edge_energy_p90: 0.1445875130160862
  final_edge_energy_max: 0.2045321783842556
  candidate_boundary_peak_fraction: 0.0
  final_boundary_peak_fraction: 0.0
  boundary_peak_fraction_parameter: 0.12
  candidate_peak_violation_ratio: 0.0
  candidate_center_step_ms: 20.000000000000018
  longest_candidate_invalid_gap_ms: 399.9999999999999
  longest_candidate_unreliable_gap_ms: 660.0
  candidate_temporal_difference_energy: 0.0001921974239617682
  final_temporal_difference_energy: 0.007345913620821521
  irls_iterations_median: 3.0
  irls_iterations_max: 5
  candidate_origin_scope: pre_gaussian_fill_lineage
  candidate_origin_codes: {'direct_inverted_center': 0, 'linear_interpolated': 1, 'endpoint_extrapolated': 2, 'prior_fill_when_no_valid_center': 3, 'unavailable': 5}
  final_wavelet_source_scope: final_model_and_local_fallback_mix
  final_wavelet_source_codes: {'tv_candidate': 0, 'q_constrained_candidate': 1, 'stationary_prior': 2, 'local_fallback_prior': 3, 'local_fallback_blend': 4}
  local_fallback_peak_limit_ms: 15.0
  local_fallback_energy_min: 0.15
  local_fallback_pad_ms: 0.0
  local_fallback_alpha_smooth_samples: 15.0
  local_fallback_use_shape_qc: True
  local_fallback_side_lobe_limit_reliable: 0.75
  local_fallback_side_lobe_limit_fallback: 0.95
  local_fallback_side_lobe_guard_ms: 12.0
  local_fallback_edge_energy_limit_reliable: 0.15
  local_fallback_edge_energy_limit_fallback: 0.3
  local_fallback_edge_fraction: 0.15
  CC_final_direct: 0.36208419789179086
  CC_final_similarity: 0.2511033052489141
  CC_final_maxlag: 0.36208419788993845
  CC_final_env: 0.044995933200768154
  CC_final_best_lag_ms: 0.0
  CC_final_lag_penalty: 0.0
  CC_final_before_local_fallback_direct: 0.4466987689620211
  CC_final_before_local_fallback_similarity: 0.29479525609770285
  CC_final_before_local_fallback_maxlag: 0.44697726749885924
  CC_final_before_local_fallback_env: 0.04796537736321888
  CC_final_before_local_fallback_best_lag_ms: -1.0000000000000009
  CC_final_similarity_delta_local_fallback: -0.04369195084878874
  CC_final_direct_delta_local_fallback: -0.08461457107023024
  final_peak_metric_p10_before_local_fallback: -13.00000000000001
  final_peak_metric_med_before_local_fallback: -1.0000000000000009
  final_peak_metric_p90_before_local_fallback: 0.0
  final_peak_abs_p90_before_local_fallback: 13.00000000000001
  final_peak_metric_p10_after_local_fallback: -2.0000000000000018
  final_peak_metric_med_after_local_fallback: 0.0
  final_peak_metric_p90_after_local_fallback: 0.0
  final_peak_abs_p90_after_local_fallback: 2.0000000000000018
  final_wavelet_energy_l2_median_before_local_fallback: 5.819661729064889
  final_wavelet_energy_l2_median_after_local_fallback: 4.147881596055246
  final_centroid_frequency_hz_median_before_local_fallback: 30.055872231044468
  final_centroid_frequency_hz_median_after_local_fallback: 28.282293174587643
  W_pass_scope: preacceptance_hybrid_candidate
  CC_tv_direct_scope: preacceptance_hybrid_candidate
  valid_ratio_scope: raw_tv_direct_inversion_centers
  acceptance_reasons_scope: preacceptance_hybrid_candidate
  peak_metric_scope: preacceptance_hybrid_candidate
  best_lag_scope: preacceptance_hybrid_candidate
  hybrid_acceptance_evaluated: True
  hybrid_acceptance_passed: True
  hybrid_acceptance_reasons: []
  hybrid_acceptance_scope: decisive_preacceptance_hybrid_gate
  post_local_fallback_acceptance_evaluated: True
  post_local_fallback_acceptance_passed: True
  post_local_fallback_acceptance_reasons: []
  post_local_fallback_acceptance_scope: legacy_alias_of_decisive_preacceptance_hybrid_gate
  CC_final_ricker_similarity: 0.0017388165135371267
  CC_final_ricker_maxlag: 0.09949674980679894
  CC_final_ricker_env: -0.03153547044942684
  CC_final_ricker_scope: 35hz_initial_reflectivity
  ricker_qc_frequency_hz: 35.0
  ricker_qc_wavelet_length_pts: 129
  CC_ricker_35hz_initial_reflectivity_direct: 0.08053018777090891
  CC_ricker_35hz_initial_reflectivity_similarity: 0.0017388165135371267
  CC_ricker_35hz_initial_reflectivity_maxlag: 0.09949674980679894
  CC_ricker_35hz_initial_reflectivity_env: -0.03153547044942684
  CC_ricker_35hz_initial_reflectivity_best_lag_ms: -4.0000000000000036
  CC_ricker_35hz_after_dtw_reflectivity_direct: 0.1348382639136047
  CC_ricker_35hz_after_dtw_reflectivity_similarity: 0.06629075846590803
  CC_ricker_35hz_after_dtw_reflectivity_maxlag: 0.13483826391115256
  CC_ricker_35hz_after_dtw_reflectivity_env: -0.06101175164738958
  CC_ricker_35hz_after_dtw_reflectivity_best_lag_ms: 0.0
